Microsoft Windows [Version 10.0.16299.371]
(c) 2017 Microsoft Corporation. All rights reserved.


D:\maven-demos-master\maven_profile_demo>
D:\maven-demos-master\maven_profile_demo>
D:\maven-demos-master\maven_profile_demo>mvn clean verify compile test package install------------------------------------------------------------------>(1)
D:\maven-demos-master\maven_profile_demo>mvn clean------------------------------------------------------------------------------------------------->(2)
D:\maven-demos-master\maven_profile_demo>mvn clean verify------------------------------------------------------------------------------------------->(3)
D:\maven-demos-master\maven_profile_demo>mvn clean validate------------------------------------------------------------------------------>(4)
D:\maven-demos-master\maven_profile_demo>mvn clean validate-------------------------------------------------------------------------------->(5)
D:\maven-demos-master\maven_profile_demo>mvn clean validate vamshi.xml------------------------------------------------------------------------->(6)
D:\maven-demos-master\maven_profile_demo>mvn clean validate -Dmaven.source=vamshi.xml------------------------------------------------->(7)
D:\maven-demos-master\maven_profile_demo>mvn clean validate -f vamshi.xml--------------------------------------------------------------->(8)
D:\maven-demos-master\maven_profile_demo>mvn clean validate compile--------------------------------------------------------------------------------?(9)
D:\maven-demos-master\maven_profile_demo>mvn clean validate compile -f vamshi.xml----------------------------------------------------------------------->(10)
D:\maven-demos-master\maven_profile_demo>mvn clean package -f vamshi.xml------------------------------------------------------------------------>(11)
D:\maven-demos-master\maven_profile_demo>mvn clean install--------------------------------------------------------------------------->(12)
D:\maven-demos-master\maven_profile_demo>mvn clean install--------------------------------------------------------------------------->(13)
**********************************C:\Users\Vamshi Krishna Jukur\.m2\repository\com\xueyou\demo\mavenstudy_profile\1.0-SNAPSHOT\mavenstudy_profile-1.0-SNAPSHOT.jar
**********************************C:\Users\Vamshi Krishna Jukur\.m2\repository\com\xueyou\demo\mavenstudy_profile\1.0-SNAPSHOT\mavenstudy_profile-1.0-SNAPSHOT.pom
======================================================================================================================================================================================

D:\maven-demos-master\maven_profile_demo>mvn clean verify compile test package install------------------------------------------------------------------>(1)
[INFO] Scanning for projects...
[INFO] -----------------< com.xueyou.demo:mavenstudy_profile >-----------------
[INFO] Building mavenstudy_profile 1.0-SNAPSHOT
[INFO] --------------------------------[ jar ]---------------------------------
[INFO] --- maven-surefire-plugin:2.12.4:test (default-test) @ mavenstudy_profile ---
Downloading from central: https://repo.maven.apache.org/maven2/org/apache/maven/surefire/surefire-booter/2.12.4/surefire-booter-2.12.4.pom
Downloaded from central: https://repo.maven.apache.org/maven2/org/apache/maven/surefire/surefire-booter/2.12.4/surefire-booter-2.12.4.pom (3.0 kB at 924 B/s)
Downloading from central: https://repo.maven.apache.org/maven2/org/apache/maven/surefire/surefire-api/2.12.4/surefire-api-2.12.4.pom
Downloaded from central: https://repo.maven.apache.org/maven2/org/apache/maven/surefire/surefire-api/2.12.4/surefire-api-2.12.4.pom (2.5 kB at 2.9 kB/s)
Downloading from central: https://repo.maven.apache.org/maven2/org/apache/maven/surefire/maven-surefire-common/2.12.4/maven-surefire-common-2.12.4.pom
Downloaded from central: https://repo.maven.apache.org/maven2/org/apache/maven/surefire/maven-surefire-common/2.12.4/maven-surefire-common-2.12.4.pom (5.5 kB at 6.3 kB/s)


D:\maven-demos-master\maven_profile_demo>mvn clean------------------------------------------------------------------------------------------------->(2)
[INFO] Deleting D:\maven-demos-master\maven_profile_demo\target

D:\maven-demos-master\maven_profile_demo>mvn clean verify------------------------------------------------------------------------------------------->(3)
[INFO] Building mavenstudy_profile 1.0-SNAPSHOT

D:\maven-demos-master\maven_profile_demo>mvn clean validate------------------------------------------------------------------------------>(4)
[INFO] Building mavenstudy_profile 1.0-SNAPSHOT
[INFO] Deleting D:\maven-demos-master\maven_profile_demo\target

D:\maven-demos-master\maven_profile_demo>mvn clean validate-------------------------------------------------------------------------------->(5)
[INFO] Scanning for projects...
[INFO] ------------------------------------------------------------------------
[INFO] BUILD FAILURE
[INFO] ------------------------------------------------------------------------
[INFO] Total time: 0.361 s
[INFO] Finished at: 2018-04-29T19:51:35+05:30
[INFO] ------------------------------------------------------------------------
[ERROR] The goal you specified requires a project to execute but there is no POM in this directory (D:\maven-demos-master\maven_profile_demo). Please verify you invoked Maven from the correct directory. -> [Help 1]
[ERROR]
[ERROR] To see the full stack trace of the errors, re-run Maven with the -e switch.
[ERROR] Re-run Maven using the -X switch to enable full debug logging.
[ERROR]
[ERROR] For more information about the errors and possible solutions, please read the following articles:
[ERROR] [Help 1] http://cwiki.apache.org/confluence/display/MAVEN/MissingProjectException

D:\maven-demos-master\maven_profile_demo>mvn clean validate vamshi.xml------------------------------------------------------------------------->(6)
[INFO] Scanning for projects...
[INFO] ------------------------------------------------------------------------
[INFO] BUILD FAILURE
[INFO] ------------------------------------------------------------------------
[INFO] Total time: 0.384 s
[INFO] Finished at: 2018-04-29T19:52:46+05:30
[INFO] ------------------------------------------------------------------------
[ERROR] The goal you specified requires a project to execute but there is no POM in this directory (D:\maven-demos-master\maven_profile_demo). Please verify you invoked Maven from the correct directory. -> [Help 1]
[ERROR]
[ERROR] To see the full stack trace of the errors, re-run Maven with the -e switch.
[ERROR] Re-run Maven using the -X switch to enable full debug logging.
[ERROR]
[ERROR] For more information about the errors and possible solutions, please read the following articles:
[ERROR] [Help 1] http://cwiki.apache.org/confluence/display/MAVEN/MissingProjectException

D:\maven-demos-master\maven_profile_demo>mvn clean validate -Dmaven.source=vamshi.xml------------------------------------------------->(7)
[INFO] Scanning for projects...
[INFO] ------------------------------------------------------------------------
[INFO] BUILD FAILURE
[INFO] ------------------------------------------------------------------------
[INFO] Total time: 0.455 s
[INFO] Finished at: 2018-04-29T19:54:40+05:30
[INFO] ------------------------------------------------------------------------
[ERROR] The goal you specified requires a project to execute but there is no POM in this directory (D:\maven-demos-master\maven_profile_demo). Please verify you invoked Maven from the correct directory. -> [Help 1]
[ERROR]
[ERROR] To see the full stack trace of the errors, re-run Maven with the -e switch.
[ERROR] Re-run Maven using the -X switch to enable full debug logging.
[ERROR]
[ERROR] For more information about the errors and possible solutions, please read the following articles:
[ERROR] [Help 1] http://cwiki.apache.org/confluence/display/MAVEN/MissingProjectException

D:\maven-demos-master\maven_profile_demo>mvn clean validate -f vamshi.xml--------------------------------------------------------------->(8)
[INFO] Scanning for projects...
[WARNING]
[WARNING] Some problems were encountered while building the effective model for com.xueyou.demo:mavenstudy_profile:jar:1.0-SNAPSHOT
[WARNING] 'build.plugins.plugin.version' for org.apache.maven.plugins:maven-compiler-plugin is missing. @ line 81, column 21
[WARNING]
[WARNING] It is highly recommended to fix these problems because they threaten the stability of your build.
[WARNING]
[WARNING] For this reason, future Maven versions might no longer support building such malformed projects.
[WARNING]
[INFO]
[INFO] -----------------< com.xueyou.demo:mavenstudy_profile >-----------------
[INFO] Building mavenstudy_profile 1.0-SNAPSHOT
[INFO] --------------------------------[ jar ]---------------------------------
[INFO]
[INFO] --- maven-clean-plugin:2.5:clean (default-clean) @ mavenstudy_profile ---
[INFO] ------------------------------------------------------------------------
[INFO] BUILD SUCCESS
[INFO] ------------------------------------------------------------------------
[INFO] Total time: 2.176 s
[INFO] Finished at: 2018-04-29T19:55:50+05:30
[INFO] ------------------------------------------------------------------------

D:\maven-demos-master\maven_profile_demo>mvn clean validate compile--------------------------------------------------------------------------------?(9)
[INFO] Scanning for projects...
[INFO] ------------------------------------------------------------------------
[INFO] BUILD FAILURE
[INFO] ------------------------------------------------------------------------
[INFO] Total time: 1.112 s
[INFO] Finished at: 2018-04-29T19:57:16+05:30
[INFO] ------------------------------------------------------------------------
[ERROR] The goal you specified requires a project to execute but there is no POM in this directory (D:\maven-demos-master\maven_profile_demo). Please verify you invoked Maven from the correct directory. -> [Help 1]
[ERROR]
[ERROR] To see the full stack trace of the errors, re-run Maven with the -e switch.
[ERROR] Re-run Maven using the -X switch to enable full debug logging.
[ERROR]
[ERROR] For more information about the errors and possible solutions, please read the following articles:
[ERROR] [Help 1] http://cwiki.apache.org/confluence/display/MAVEN/MissingProjectException

D:\maven-demos-master\maven_profile_demo>mvn clean validate compile -f vamshi.xml----------------------------------------------------------------------->(10)
[INFO] Scanning for projects...
[WARNING]
[WARNING] Some problems were encountered while building the effective model for com.xueyou.demo:mavenstudy_profile:jar:1.0-SNAPSHOT
[WARNING] 'build.plugins.plugin.version' for org.apache.maven.plugins:maven-compiler-plugin is missing. @ line 81, column 21
[WARNING]
[WARNING] It is highly recommended to fix these problems because they threaten the stability of your build.
[WARNING]
[WARNING] For this reason, future Maven versions might no longer support building such malformed projects.
[WARNING]
[INFO]
[INFO] -----------------< com.xueyou.demo:mavenstudy_profile >-----------------
[INFO] Building mavenstudy_profile 1.0-SNAPSHOT
[INFO] --------------------------------[ jar ]---------------------------------
[INFO]
[INFO] --- maven-clean-plugin:2.5:clean (default-clean) @ mavenstudy_profile ---
[INFO]
[INFO] --- maven-resources-plugin:2.6:resources (default-resources) @ mavenstudy_profile ---
[INFO] Using 'UTF-8' encoding to copy filtered resources.
[INFO] Copying 1 resource
[INFO] Copying 1 resource
[INFO]
[INFO] --- maven-compiler-plugin:3.1:compile (default-compile) @ mavenstudy_profile ---
[INFO] Changes detected - recompiling the module!
[INFO] Compiling 2 source files to D:\maven-demos-master\maven_profile_demo\target\classes
[INFO] ------------------------------------------------------------------------
[INFO] BUILD SUCCESS
[INFO] ------------------------------------------------------------------------
[INFO] Total time: 7.982 s
[INFO] Finished at: 2018-04-29T19:57:53+05:30
[INFO] ------------------------------------------------------------------------

D:\maven-demos-master\maven_profile_demo>mvn clean validate compile test -f vamshi.xml-------------------------------------------------------------------------->(10)
[INFO] Scanning for projects...
[WARNING]
[WARNING] Some problems were encountered while building the effective model for com.xueyou.demo:mavenstudy_profile:jar:1.0-SNAPSHOT
[WARNING] 'build.plugins.plugin.version' for org.apache.maven.plugins:maven-compiler-plugin is missing. @ line 81, column 21
[WARNING]
[WARNING] It is highly recommended to fix these problems because they threaten the stability of your build.
[WARNING]
[WARNING] For this reason, future Maven versions might no longer support building such malformed projects.
[WARNING]
[INFO]
[INFO] -----------------< com.xueyou.demo:mavenstudy_profile >-----------------
[INFO] Building mavenstudy_profile 1.0-SNAPSHOT
[INFO] --------------------------------[ jar ]---------------------------------
[INFO]
[INFO] --- maven-clean-plugin:2.5:clean (default-clean) @ mavenstudy_profile ---
[INFO] Deleting D:\maven-demos-master\maven_profile_demo\target
[INFO]
[INFO] --- maven-resources-plugin:2.6:resources (default-resources) @ mavenstudy_profile ---
[INFO] Using 'UTF-8' encoding to copy filtered resources.
[INFO] Copying 1 resource
[INFO] Copying 1 resource
[INFO]
[INFO] --- maven-compiler-plugin:3.1:compile (default-compile) @ mavenstudy_profile ---
[INFO] Changes detected - recompiling the module!
[INFO] Compiling 2 source files to D:\maven-demos-master\maven_profile_demo\target\classes
[INFO]
[INFO] --- maven-resources-plugin:2.6:resources (default-resources) @ mavenstudy_profile ---
[INFO] Using 'UTF-8' encoding to copy filtered resources.
[INFO] Copying 1 resource
[INFO] Copying 1 resource
[INFO]
[INFO] --- maven-compiler-plugin:3.1:compile (default-compile) @ mavenstudy_profile ---
[INFO] Nothing to compile - all classes are up to date
[INFO]
[INFO] --- maven-resources-plugin:2.6:testResources (default-testResources) @ mavenstudy_profile ---
[INFO] Using 'UTF-8' encoding to copy filtered resources.
[INFO] skip non existing resourceDirectory D:\maven-demos-master\maven_profile_demo\src\test\resources
[INFO]
[INFO] --- maven-compiler-plugin:3.1:testCompile (default-testCompile) @ mavenstudy_profile ---
[INFO] Changes detected - recompiling the module!
[INFO] Compiling 1 source file to D:\maven-demos-master\maven_profile_demo\target\test-classes
[INFO]
[INFO] --- maven-surefire-plugin:2.12.4:test (default-test) @ mavenstudy_profile ---
[INFO] Surefire report directory: D:\maven-demos-master\maven_profile_demo\target\surefire-reports

-------------------------------------------------------
 T E S T S
-------------------------------------------------------
Running com.xueyou.demo.AppTest
Tests run: 1, Failures: 0, Errors: 0, Skipped: 0, Time elapsed: 0.123 sec

Results :

Tests run: 1, Failures: 0, Errors: 0, Skipped: 0

[INFO] ------------------------------------------------------------------------
[INFO] BUILD SUCCESS
[INFO] ------------------------------------------------------------------------
[INFO] Total time: 12.231 s
[INFO] Finished at: 2018-04-29T20:00:22+05:30
[INFO] ------------------------------------------------------------------------

D:\maven-demos-master\maven_profile_demo>mvn clean package -f vamshi.xml
[INFO] Scanning for projects...
[WARNING]
[WARNING] Some problems were encountered while building the effective model for com.xueyou.demo:mavenstudy_profile:jar:1.0-SNAPSHOT
[WARNING] 'build.plugins.plugin.version' for org.apache.maven.plugins:maven-compiler-plugin is missing. @ line 81, column 21
[WARNING]
[WARNING] It is highly recommended to fix these problems because they threaten the stability of your build.
[WARNING]
[WARNING] For this reason, future Maven versions might no longer support building such malformed projects.
[WARNING]
[INFO]
[INFO] -----------------< com.xueyou.demo:mavenstudy_profile >-----------------
[INFO] Building mavenstudy_profile 1.0-SNAPSHOT
[INFO] --------------------------------[ jar ]---------------------------------
[INFO]
[INFO] --- maven-clean-plugin:2.5:clean (default-clean) @ mavenstudy_profile ---
[INFO] Deleting D:\maven-demos-master\maven_profile_demo\target
[INFO]
[INFO] --- maven-resources-plugin:2.6:resources (default-resources) @ mavenstudy_profile ---
[INFO] Using 'UTF-8' encoding to copy filtered resources.
[INFO] Copying 1 resource
[INFO] Copying 1 resource
[INFO]
[INFO] --- maven-compiler-plugin:3.1:compile (default-compile) @ mavenstudy_profile ---
[INFO] Changes detected - recompiling the module!
[INFO] Compiling 2 source files to D:\maven-demos-master\maven_profile_demo\target\classes
[INFO]
[INFO] --- maven-resources-plugin:2.6:testResources (default-testResources) @ mavenstudy_profile ---
[INFO] Using 'UTF-8' encoding to copy filtered resources.
[INFO] skip non existing resourceDirectory D:\maven-demos-master\maven_profile_demo\src\test\resources
[INFO]
[INFO] --- maven-compiler-plugin:3.1:testCompile (default-testCompile) @ mavenstudy_profile ---
[INFO] Changes detected - recompiling the module!
[INFO] Compiling 1 source file to D:\maven-demos-master\maven_profile_demo\target\test-classes
[INFO]
[INFO] --- maven-surefire-plugin:2.12.4:test (default-test) @ mavenstudy_profile ---
[INFO] Surefire report directory: D:\maven-demos-master\maven_profile_demo\target\surefire-reports

-------------------------------------------------------
 T E S T S
-------------------------------------------------------
Running com.xueyou.demo.AppTest
Tests run: 1, Failures: 0, Errors: 0, Skipped: 0, Time elapsed: 0.19 sec

Results :

Tests run: 1, Failures: 0, Errors: 0, Skipped: 0

[INFO]
[INFO] --- maven-jar-plugin:2.4:jar (default-jar) @ mavenstudy_profile ---
[INFO] Building jar: D:\maven-demos-master\maven_profile_demo\target\mavenstudy_profile-1.0-SNAPSHOT.jar
[INFO] ------------------------------------------------------------------------
[INFO] BUILD SUCCESS
[INFO] ------------------------------------------------------------------------
[INFO] Total time: 15.505 s
[INFO] Finished at: 2018-04-29T20:01:58+05:30
[INFO] ------------------------------------------------------------------------

D:\maven-demos-master\maven_profile_demo>mvn clean install--------------------------------------------------------------------------->(12)
[INFO] Scanning for projects...
[WARNING]
[WARNING] Some problems were encountered while building the effective model for com.xueyou.demo:mavenstudy_profile:jar:1.0-SNAPSHOT
[WARNING] 'build.plugins.plugin.version' for org.apache.maven.plugins:maven-compiler-plugin is missing. @ line 81, column 21
[WARNING]
[WARNING] It is highly recommended to fix these problems because they threaten the stability of your build.
[WARNING]
[WARNING] For this reason, future Maven versions might no longer support building such malformed projects.
[WARNING]
[INFO]
[INFO] -----------------< com.xueyou.demo:mavenstudy_profile >-----------------
[INFO] Building mavenstudy_profile 1.0-SNAPSHOT
[INFO] --------------------------------[ jar ]---------------------------------
[INFO]
[INFO] --- maven-clean-plugin:2.5:clean (default-clean) @ mavenstudy_profile ---
[INFO] Deleting D:\maven-demos-master\maven_profile_demo\target
[INFO]
[INFO] --- maven-resources-plugin:2.6:resources (default-resources) @ mavenstudy_profile ---
[INFO] Using 'UTF-8' encoding to copy filtered resources.
[INFO] Copying 1 resource
[INFO] Copying 1 resource
[INFO]
[INFO] --- maven-compiler-plugin:3.1:compile (default-compile) @ mavenstudy_profile ---
[INFO] Changes detected - recompiling the module!
[INFO] Compiling 2 source files to D:\maven-demos-master\maven_profile_demo\target\classes
[INFO]
[INFO] --- maven-resources-plugin:2.6:testResources (default-testResources) @ mavenstudy_profile ---
[INFO] Using 'UTF-8' encoding to copy filtered resources.
[INFO] skip non existing resourceDirectory D:\maven-demos-master\maven_profile_demo\src\test\resources
[INFO]
[INFO] --- maven-compiler-plugin:3.1:testCompile (default-testCompile) @ mavenstudy_profile ---
[INFO] Changes detected - recompiling the module!
[INFO] Compiling 1 source file to D:\maven-demos-master\maven_profile_demo\target\test-classes
[INFO]
[INFO] --- maven-surefire-plugin:2.12.4:test (default-test) @ mavenstudy_profile ---
[INFO] Surefire report directory: D:\maven-demos-master\maven_profile_demo\target\surefire-reports

-------------------------------------------------------
 T E S T S
-------------------------------------------------------
Running com.xueyou.demo.AppTest
Tests run: 1, Failures: 0, Errors: 0, Skipped: 0, Time elapsed: 0.155 sec

Results :

Tests run: 1, Failures: 0, Errors: 0, Skipped: 0

[INFO]
[INFO] --- maven-jar-plugin:2.4:jar (default-jar) @ mavenstudy_profile ---
[INFO] Building jar: D:\maven-demos-master\maven_profile_demo\target\mavenstudy_profile-1.0-SNAPSHOT.jar
[INFO]
[INFO] --- maven-install-plugin:2.4:install (default-install) @ mavenstudy_profile ---
**********************************C:\Users\Vamshi Krishna Jukur\.m2\repository\com\xueyou\demo\mavenstudy_profile\1.0-SNAPSHOT\mavenstudy_profile-1.0-SNAPSHOT.jar
**********************************C:\Users\Vamshi Krishna Jukur\.m2\repository\com\xueyou\demo\mavenstudy_profile\1.0-SNAPSHOT\mavenstudy_profile-1.0-SNAPSHOT.pom
[INFO] ------------------------------------------------------------------------
[INFO] BUILD SUCCESS
[INFO] ------------------------------------------------------------------------
[INFO] Total time: 14.908 s
[INFO] Finished at: 2018-04-29T20:03:41+05:30
[INFO] ------------------------------------------------------------------------


